2026-02-10T05:38:44.061Z [console][warn] Image with src "/cover/cover_7_render_to_elevations.png" has "fill" but is missing "sizes" prop. Please add it to improve page performance. Read more: https://nextjs.org/docs/api-reference/next/image#sizes
2026-02-10T05:38:44.073Z [console][warn] Image with src "/cover/cover_3_empty_lot_design.png" has "fill" but is missing "sizes" prop. Please add it to improve page performance. Read more: https://nextjs.org/docs/api-reference/next/image#sizes
2026-02-10T05:38:44.084Z [console][warn] Image with src "/cover/cover_3_empty_lot_design.png" was detected as the Largest Contentful Paint (LCP). Please add the "priority" property if this image is above the fold.
Read more: https://nextjs.org/docs/api-reference/next/image#priority
2026-02-10T05:38:44.084Z [console][warn] Image with src "/cover/cover_16_sixteen_renders.png" has "fill" but is missing "sizes" prop. Please add it to improve page performance. Read more: https://nextjs.org/docs/api-reference/next/image#sizes
2026-02-10T05:38:44.084Z [console][warn] Image with src "/cover/cover_36_empty_house_interior_design.png" has "fill" but is missing "sizes" prop. Please add it to improve page performance. Read more: https://nextjs.org/docs/api-reference/next/image#sizes
2026-02-10T05:38:44.128Z [console][warn] Image with src "/cover/cover_31_change_material.png" has "fill" but is missing "sizes" prop. Please add it to improve page performance. Read more: https://nextjs.org/docs/api-reference/next/image#sizes
2026-02-10T05:38:44.147Z [console][warn] Image with src "/cover/cover_38_render_to_elevation_blueprint.png" has "fill" but is missing "sizes" prop. Please add it to improve page performance. Read more: https://nextjs.org/docs/api-reference/next/image#sizes
2026-02-10T05:38:44.159Z [console][warn] Image with src "/cover/cover_21_accurate_angle_change.png" has "fill" but is missing "sizes" prop. Please add it to improve page performance. Read more: https://nextjs.org/docs/api-reference/next/image#sizes
2026-02-10T05:38:44.165Z [console][warn] Image with src "/cover/cover_9_render_to_section.png" has "fill" but is missing "sizes" prop. Please add it to improve page performance. Read more: https://nextjs.org/docs/api-reference/next/image#sizes
2026-02-10T05:38:44.172Z [console][warn] Image with src "/cover/cover_8_reduce_building_height.png" has "fill" but is missing "sizes" prop. Please add it to improve page performance. Read more: https://nextjs.org/docs/api-reference/next/image#sizes
2026-02-10T05:38:45.292Z [network][GET 200] /api/auth/session
  response: {"user":{"name":"rijiu","email":"2088663893@qq.com","id":"1","balance":1000},"expires":"2026-03-12T05:38:45.286Z"}
2026-02-10T05:38:45.308Z [network][GET 200] /api/auth/session
  response: {"user":{"name":"rijiu","email":"2088663893@qq.com","id":"1","balance":1000},"expires":"2026-03-12T05:38:45.304Z"}
2026-02-10T05:38:45.616Z [network][GET 200] /api/user/balance
  response: {"balance":2129,"vipLevel":"SVIP","vipExpiry":"2026-03-02T06:19:33.460Z"}
2026-02-10T05:38:45.625Z [network][GET 200] /api/user/balance
  response: {"balance":2129,"vipLevel":"SVIP","vipExpiry":"2026-03-02T06:19:33.460Z"}
2026-02-10T05:38:45.636Z [network][GET 200] /api/user/balance
  response: {"balance":2129,"vipLevel":"SVIP","vipExpiry":"2026-03-02T06:19:33.460Z"}
2026-02-10T05:38:45.645Z [network][GET 200] /api/user/balance
  response: {"balance":2129,"vipLevel":"SVIP","vipExpiry":"2026-03-02T06:19:33.460Z"}
2026-02-10T05:44:49.604Z [console][warn] Image with src "/cover/cover_13_style_transfer.png" has "fill" but is missing "sizes" prop. Please add it to improve page performance. Read more: https://nextjs.org/docs/api-reference/next/image#sizes
2026-02-10T05:44:49.609Z [console][warn] Image with src "/cover/cover_29_floor_plan_coloring.png" was detected as the Largest Contentful Paint (LCP). Please add the "priority" property if this image is above the fold.
Read more: https://nextjs.org/docs/api-reference/next/image#priority
2026-02-10T05:44:49.615Z [console][warn] Image with src "/cover/cover_21_accurate_angle_change.png" has "fill" but is missing "sizes" prop. Please add it to improve page performance. Read more: https://nextjs.org/docs/api-reference/next/image#sizes
2026-02-10T05:44:49.622Z [console][warn] Image with src "/cover/cover_29_floor_plan_coloring.png" has "fill" but is missing "sizes" prop. Please add it to improve page performance. Read more: https://nextjs.org/docs/api-reference/next/image#sizes
2026-02-10T05:44:49.632Z [console][warn] Image with src "/cover/cover_15_change_aerial_angle.png" has "fill" but is missing "sizes" prop. Please add it to improve page performance. Read more: https://nextjs.org/docs/api-reference/next/image#sizes
2026-02-10T05:44:49.633Z [console][warn] Image with src "/cover/cover_12_new_angle_with_arrow.png" has "fill" but is missing "sizes" prop. Please add it to improve page performance. Read more: https://nextjs.org/docs/api-reference/next/image#sizes
2026-02-10T05:44:49.634Z [console][warn] Image with src "/cover/cover_16_sixteen_renders.png" has "fill" but is missing "sizes" prop. Please add it to improve page performance. Read more: https://nextjs.org/docs/api-reference/next/image#sizes
2026-02-10T05:44:49.640Z [console][warn] Image with src "/cover/cover_33_casual_modification.png" has "fill" but is missing "sizes" prop. Please add it to improve page performance. Read more: https://nextjs.org/docs/api-reference/next/image#sizes
2026-02-10T05:44:49.646Z [console][warn] Image with src "/cover/cover_11_local_modification.png" has "fill" but is missing "sizes" prop. Please add it to improve page performance. Read more: https://nextjs.org/docs/api-reference/next/image#sizes
2026-02-10T05:44:49.655Z [console][warn] Image with src "/cover/cover_5_masterplan_coloring.png" has "fill" but is missing "sizes" prop. Please add it to improve page performance. Read more: https://nextjs.org/docs/api-reference/next/image#sizes
2026-02-10T05:44:49.578Z [network][GET 200] /api/auth/session
  response: {}
2026-02-10T05:44:49.580Z [network][GET 200] /api/auth/session
  response: {}
2026-02-10T06:26:29.158Z [console][error] Failed to restore image: TypeError: Failed to fetch
    at window.fetch (<anonymous>:122:38)
    at setFirstUploadFromUrl (webpack-internal:///(app-pages-browser)/./app/page.tsx:66:35)
    at checkEditorReturn (webpack-internal:///(app-pages-browser)/./app/page.tsx:104:27)
    at eval (webpack-internal:///(app-pages-browser)/./app/page.tsx:108:14)
    at commitHookEffectListMount (webpack-internal:///(app-pages-browser)/./node_modules/next/dist/compiled/react-dom/cjs/react-dom.development.js:21102:23)
    at commitHookPassiveMountEffects (webpack-internal:///(app-pages-browser)/./node_modules/next/dist/compiled/react-dom/cjs/react-dom.development.js:23154:7)
    at commitPassiveMountOnFiber (webpack-internal:///(app-pages-browser)/./node_modules/next/dist/compiled/react-dom/cjs/react-dom.development.js:23259:11)
    at recursivelyTraversePassiveMountEffects (webpack-internal:///(app-pages-browser)/./node_modules/next/dist/compiled/react-dom/cjs/react-dom.development.js:23237:7)
    at commitPassiveMountOnFiber (webpack-internal:///(app-pages-browser)/./node_modules/next/dist/compiled/react-dom/cjs/react-dom.development.js:23256:9)
    at recursivelyTraversePassiveMountEffects (webpack-internal:///(app-pages-browser)/./node_modules/next/dist/compiled/react-dom/cjs/react-dom.development.js:23237:7)
    at commitPassiveMountOnFiber (webpack-internal:///(app-pages-browser)/./node_modules/next/dist/compiled/react-dom/cjs/react-dom.development.js:23370:9)
    at recursivelyTraversePassiveMountEffects (webpack-internal:///(app-pages-browser)/./node_modules/next/dist/compiled/react-dom/cjs/react-dom.development.js:23237:7)
    at commitPassiveMountOnFiber (webpack-internal:///(app-pages-browser)/./node_modules/next/dist/compiled/react-dom/cjs/react-dom.development.js:23370:9)
    at recursivelyTraversePassiveMountEffects (webpack-internal:///(app-pages-browser)/./node_modules/next/dist/compiled/react-dom/cjs/react-dom.development.js:23237:7)
    at commitPassiveMountOnFiber...
2026-02-10T06:26:29.159Z [console][error] Failed to restore image: TypeError: Failed to fetch
    at window.fetch (<anonymous>:122:38)
    at setFirstUploadFromUrl (webpack-internal:///(app-pages-browser)/./app/page.tsx:66:35)
    at checkEditorReturn (webpack-internal:///(app-pages-browser)/./app/page.tsx:104:27)
    at eval (webpack-internal:///(app-pages-browser)/./app/page.tsx:108:14)
    at commitHookEffectListMount (webpack-internal:///(app-pages-browser)/./node_modules/next/dist/compiled/react-dom/cjs/react-dom.development.js:21102:23)
    at invokePassiveEffectMountInDEV (webpack-internal:///(app-pages-browser)/./node_modules/next/dist/compiled/react-dom/cjs/react-dom.development.js:23980:13)
    at invokeEffectsInDev (webpack-internal:///(app-pages-browser)/./node_modules/next/dist/compiled/react-dom/cjs/react-dom.development.js:26852:9)
    at legacyCommitDoubleInvokeEffectsInDEV (webpack-internal:///(app-pages-browser)/./node_modules/next/dist/compiled/react-dom/cjs/react-dom.development.js:26835:5)
    at commitDoubleInvokeEffectsInDEV (webpack-internal:///(app-pages-browser)/./node_modules/next/dist/compiled/react-dom/cjs/react-dom.development.js:26816:7)
    at flushPassiveEffectsImpl (webpack-internal:///(app-pages-browser)/./node_modules/next/dist/compiled/react-dom/cjs/react-dom.development.js:26514:5)
    at flushPassiveEffects (webpack-internal:///(app-pages-browser)/./node_modules/next/dist/compiled/react-dom/cjs/react-dom.development.js:26438:14)
    at eval (webpack-internal:///(app-pages-browser)/./node_modules/next/dist/compiled/react-dom/cjs/react-dom.development.js:26172:9)
    at workLoop (webpack-internal:///(app-pages-browser)/./node_modules/next/dist/compiled/scheduler/cjs/scheduler.development.js:256:34)
    at flushWork (webpack-internal:///(app-pages-browser)/./node_modules/next/dist/compiled/scheduler/cjs/scheduler.development.js:225:14)
    at MessagePort.performWorkUntilDeadline (webpack-internal:///(app-pages-browser)/./node_modules/next/dist/compiled/scheduler/cjs/sched...
